2026-02-27 18:41:09 [DEBUG] Starting new HTTPS connection (1): www.whhnhy.com:38868
2026-02-27 18:41:10 [DEBUG] https://www.whhnhy.com:38868 "POST /admin-api/system/auth/login HTTP/1.1" 200 None
2026-02-27 18:41:10 [DEBUG] https://www.whhnhy.com:38868 "PUT /admin-api/converge/user/update-password HTTP/1.1" 200 None
2026-02-27 18:41:10 [DEBUG] https://www.whhnhy.com:38868 "PUT /admin-api/converge/user/update-password HTTP/1.1" 200 None
2026-02-27 18:41:10 [DEBUG] https://www.whhnhy.com:38868 "PUT /admin-api/converge/user/update-password HTTP/1.1" 200 None
2026-02-27 18:41:10 [DEBUG] https://www.whhnhy.com:38868 "PUT /admin-api/converge/user/update-password HTTP/1.1" 200 None
2026-02-27 18:41:10 [DEBUG] https://www.whhnhy.com:38868 "PUT /admin-api/converge/user/update-password HTTP/1.1" 200 None
2026-02-27 18:41:10 [DEBUG] https://www.whhnhy.com:38868 "PUT /admin-api/converge/user/update-password HTTP/1.1" 200 None
2026-02-27 18:41:10 [DEBUG] https://www.whhnhy.com:38868 "PUT /admin-api/converge/user/update-password HTTP/1.1" 200 None
2026-02-27 18:41:10 [DEBUG] https://www.whhnhy.com:38868 "PUT /admin-api/converge/user/update-password HTTP/1.1" 200 None
2026-02-27 18:41:10 [DEBUG] https://www.whhnhy.com:38868 "PUT /admin-api/converge/user/update-password HTTP/1.1" 200 None
2026-02-27 18:41:10 [DEBUG] https://www.whhnhy.com:38868 "PUT /admin-api/converge/user/update-password HTTP/1.1" 200 None
2026-02-27 18:41:10 [DEBUG] https://www.whhnhy.com:38868 "PUT /admin-api/converge/user/update-password HTTP/1.1" 200 None
2026-02-27 18:41:10 [DEBUG] https://www.whhnhy.com:38868 "PUT /admin-api/converge/user/update-password HTTP/1.1" 200 None
2026-02-27 18:41:10 [DEBUG] https://www.whhnhy.com:38868 "PUT /admin-api/converge/user/update-password HTTP/1.1" 200 None
2026-02-27 18:41:10 [DEBUG] https://www.whhnhy.com:38868 "PUT /admin-api/converge/user/update-password HTTP/1.1" 200 None
2026-02-27 18:41:10 [DEBUG] https://www.whhnhy.com:38868 "PUT /admin-api/converge/user/update-password HTTP/1.1" 200 None
2026-02-27 18:41:10 [DEBUG] https://www.whhnhy.com:38868 "PUT /admin-api/converge/user/update-password HTTP/1.1" 200 None
2026-02-27 18:41:10 [DEBUG] https://www.whhnhy.com:38868 "PUT /admin-api/converge/user/update-password HTTP/1.1" 200 None
2026-02-27 18:41:10 [DEBUG] https://www.whhnhy.com:38868 "PUT /admin-api/converge/user/update-password HTTP/1.1" 200 None
2026-02-27 18:41:10 [DEBUG] https://www.whhnhy.com:38868 "PUT /admin-api/converge/user/update-password HTTP/1.1" 200 None
2026-02-27 18:41:10 [DEBUG] https://www.whhnhy.com:38868 "PUT /admin-api/converge/user/update-password HTTP/1.1" 200 None
2026-02-27 18:41:11 [DEBUG] https://www.whhnhy.com:38868 "PUT /admin-api/converge/user/update-password HTTP/1.1" 200 None
2026-02-27 18:41:11 [DEBUG] https://www.whhnhy.com:38868 "PUT /admin-api/converge/user/update-password HTTP/1.1" 200 None
2026-02-27 18:41:11 [DEBUG] https://www.whhnhy.com:38868 "PUT /admin-api/converge/user/update-password HTTP/1.1" 200 None
2026-02-27 18:41:11 [DEBUG] https://www.whhnhy.com:38868 "PUT /admin-api/converge/user/update-password HTTP/1.1" 200 None
2026-02-27 18:41:11 [DEBUG] https://www.whhnhy.com:38868 "PUT /admin-api/converge/user/update-password HTTP/1.1" 200 None
2026-02-27 18:41:11 [DEBUG] https://www.whhnhy.com:38868 "PUT /admin-api/converge/user/update-password HTTP/1.1" 200 None
2026-02-27 18:41:11 [DEBUG] https://www.whhnhy.com:38868 "PUT /admin-api/converge/user/update-password HTTP/1.1" 200 None
2026-02-27 18:41:11 [DEBUG] https://www.whhnhy.com:38868 "PUT /admin-api/converge/user/update-password HTTP/1.1" 200 None
2026-02-27 18:41:11 [DEBUG] https://www.whhnhy.com:38868 "PUT /admin-api/converge/user/update-password HTTP/1.1" 200 None
2026-02-27 18:41:11 [DEBUG] https://www.whhnhy.com:38868 "PUT /admin-api/converge/user/update-password HTTP/1.1" 200 None
2026-02-27 18:41:11 [DEBUG] https://www.whhnhy.com:38868 "PUT /admin-api/converge/user/update-password HTTP/1.1" 200 None
2026-02-27 18:41:11 [DEBUG] https://www.whhnhy.com:38868 "PUT /admin-api/converge/user/update-password HTTP/1.1" 200 None
2026-02-27 18:41:11 [DEBUG] https://www.whhnhy.com:38868 "PUT /admin-api/converge/user/update-password HTTP/1.1" 200 None
2026-02-27 18:41:11 [DEBUG] https://www.whhnhy.com:38868 "PUT /admin-api/converge/user/update-password HTTP/1.1" 200 None
2026-02-27 18:41:11 [DEBUG] https://www.whhnhy.com:38868 "PUT /admin-api/converge/user/update-password HTTP/1.1" 200 None
2026-02-27 18:41:11 [DEBUG] https://www.whhnhy.com:38868 "PUT /admin-api/converge/user/update-password HTTP/1.1" 200 None
2026-02-27 18:41:11 [DEBUG] https://www.whhnhy.com:38868 "PUT /admin-api/converge/user/update-password HTTP/1.1" 200 None
2026-02-27 18:41:11 [DEBUG] https://www.whhnhy.com:38868 "PUT /admin-api/converge/user/update-password HTTP/1.1" 200 None
2026-02-27 18:41:11 [DEBUG] https://www.whhnhy.com:38868 "PUT /admin-api/converge/user/update-password HTTP/1.1" 200 None
2026-02-27 18:41:11 [DEBUG] https://www.whhnhy.com:38868 "PUT /admin-api/converge/user/update-password HTTP/1.1" 200 None
2026-02-27 18:41:11 [DEBUG] https://www.whhnhy.com:38868 "PUT /admin-api/converge/user/update-password HTTP/1.1" 200 None
2026-02-27 18:41:11 [DEBUG] https://www.whhnhy.com:38868 "PUT /admin-api/converge/user/update-password HTTP/1.1" 200 None
2026-02-27 18:41:11 [DEBUG] https://www.whhnhy.com:38868 "PUT /admin-api/converge/user/update-password HTTP/1.1" 200 None
2026-02-27 18:41:12 [DEBUG] https://www.whhnhy.com:38868 "PUT /admin-api/converge/user/update-password HTTP/1.1" 200 None
2026-02-27 18:41:12 [DEBUG] https://www.whhnhy.com:38868 "PUT /admin-api/converge/user/update-password HTTP/1.1" 200 None
2026-02-27 18:41:12 [DEBUG] https://www.whhnhy.com:38868 "PUT /admin-api/converge/user/update-password HTTP/1.1" 200 None
2026-02-27 18:41:12 [DEBUG] https://www.whhnhy.com:38868 "PUT /admin-api/converge/user/update-password HTTP/1.1" 200 None
2026-02-27 18:41:12 [DEBUG] https://www.whhnhy.com:38868 "PUT /admin-api/converge/user/update-password HTTP/1.1" 200 None
2026-02-27 18:41:12 [DEBUG] https://www.whhnhy.com:38868 "PUT /admin-api/converge/user/update-password HTTP/1.1" 200 None
2026-02-27 18:41:12 [DEBUG] https://www.whhnhy.com:38868 "PUT /admin-api/converge/user/update-password HTTP/1.1" 200 None
2026-02-27 18:41:12 [DEBUG] https://www.whhnhy.com:38868 "PUT /admin-api/converge/user/update-password HTTP/1.1" 200 None
2026-02-27 18:41:12 [DEBUG] https://www.whhnhy.com:38868 "PUT /admin-api/converge/user/update-password HTTP/1.1" 200 None
2026-02-27 18:41:12 [DEBUG] https://www.whhnhy.com:38868 "PUT /admin-api/converge/user/update-password HTTP/1.1" 200 None
2026-02-27 18:41:12 [DEBUG] https://www.whhnhy.com:38868 "PUT /admin-api/converge/user/update-password HTTP/1.1" 200 None
2026-02-27 18:41:12 [DEBUG] https://www.whhnhy.com:38868 "PUT /admin-api/converge/user/update-password HTTP/1.1" 200 None
2026-02-27 18:41:12 [DEBUG] https://www.whhnhy.com:38868 "PUT /admin-api/converge/user/update-password HTTP/1.1" 200 None
2026-02-27 18:41:12 [DEBUG] https://www.whhnhy.com:38868 "PUT /admin-api/converge/user/update-password HTTP/1.1" 200 None
2026-02-27 18:41:12 [DEBUG] https://www.whhnhy.com:38868 "PUT /admin-api/converge/user/update-password HTTP/1.1" 200 None
2026-02-27 18:41:12 [DEBUG] https://www.whhnhy.com:38868 "PUT /admin-api/converge/user/update-password HTTP/1.1" 200 None
2026-02-27 18:41:12 [DEBUG] https://www.whhnhy.com:38868 "PUT /admin-api/converge/user/update-password HTTP/1.1" 200 None
2026-02-27 18:41:12 [DEBUG] https://www.whhnhy.com:38868 "PUT /admin-api/converge/user/update-password HTTP/1.1" 200 None
2026-02-27 18:41:12 [DEBUG] https://www.whhnhy.com:38868 "PUT /admin-api/converge/user/update-password HTTP/1.1" 200 None
2026-02-27 18:41:12 [DEBUG] https://www.whhnhy.com:38868 "PUT /admin-api/converge/user/update-password HTTP/1.1" 200 None
2026-02-27 18:41:12 [DEBUG] https://www.whhnhy.com:38868 "PUT /admin-api/converge/user/update-password HTTP/1.1" 200 None
2026-02-27 18:41:13 [DEBUG] https://www.whhnhy.com:38868 "PUT /admin-api/converge/user/update-password HTTP/1.1" 200 None
2026-02-27 18:41:13 [DEBUG] https://www.whhnhy.com:38868 "PUT /admin-api/converge/user/update-password HTTP/1.1" 200 None
2026-02-27 18:41:13 [DEBUG] https://www.whhnhy.com:38868 "PUT /admin-api/converge/user/update-password HTTP/1.1" 200 None
2026-02-27 18:41:13 [DEBUG] https://www.whhnhy.com:38868 "PUT /admin-api/converge/user/update-password HTTP/1.1" 200 None
2026-02-27 18:41:13 [DEBUG] https://www.whhnhy.com:38868 "PUT /admin-api/converge/user/update-password HTTP/1.1" 200 None
2026-02-27 18:41:13 [DEBUG] https://www.whhnhy.com:38868 "PUT /admin-api/converge/user/update-password HTTP/1.1" 200 None
2026-02-27 18:41:13 [DEBUG] https://www.whhnhy.com:38868 "PUT /admin-api/converge/user/update-password HTTP/1.1" 200 None
2026-02-27 18:41:13 [DEBUG] https://www.whhnhy.com:38868 "PUT /admin-api/converge/user/update-password HTTP/1.1" 200 None
2026-02-27 18:41:13 [DEBUG] https://www.whhnhy.com:38868 "PUT /admin-api/converge/user/update-password HTTP/1.1" 200 None
2026-02-27 18:41:13 [DEBUG] https://www.whhnhy.com:38868 "PUT /admin-api/converge/user/update-password HTTP/1.1" 200 None
2026-02-27 18:41:13 [DEBUG] https://www.whhnhy.com:38868 "PUT /admin-api/converge/user/update-password HTTP/1.1" 200 None
2026-02-27 18:41:13 [DEBUG] https://www.whhnhy.com:38868 "PUT /admin-api/converge/user/update-password HTTP/1.1" 200 None
2026-02-27 18:41:13 [DEBUG] https://www.whhnhy.com:38868 "PUT /admin-api/converge/user/update-password HTTP/1.1" 200 None
2026-02-27 18:41:13 [DEBUG] https://www.whhnhy.com:38868 "PUT /admin-api/converge/user/update-password HTTP/1.1" 200 None
2026-02-27 18:41:13 [DEBUG] https://www.whhnhy.com:38868 "PUT /admin-api/converge/user/update-password HTTP/1.1" 200 None
2026-02-27 18:41:13 [DEBUG] https://www.whhnhy.com:38868 "PUT /admin-api/converge/user/update-password HTTP/1.1" 200 None
2026-02-27 18:41:13 [DEBUG] https://www.whhnhy.com:38868 "PUT /admin-api/converge/user/update-password HTTP/1.1" 200 None
2026-02-27 18:41:13 [DEBUG] https://www.whhnhy.com:38868 "PUT /admin-api/converge/user/update-password HTTP/1.1" 200 None
2026-02-27 18:41:13 [DEBUG] https://www.whhnhy.com:38868 "PUT /admin-api/converge/user/update-password HTTP/1.1" 200 None
2026-02-27 18:41:13 [DEBUG] https://www.whhnhy.com:38868 "PUT /admin-api/converge/user/update-password HTTP/1.1" 200 None
2026-02-27 18:41:13 [DEBUG] https://www.whhnhy.com:38868 "PUT /admin-api/converge/user/update-password HTTP/1.1" 200 None
2026-02-27 18:41:13 [DEBUG] https://www.whhnhy.com:38868 "PUT /admin-api/converge/user/update-password HTTP/1.1" 200 None
2026-02-27 18:41:14 [DEBUG] https://www.whhnhy.com:38868 "PUT /admin-api/converge/user/update-password HTTP/1.1" 200 None
2026-02-27 18:41:14 [DEBUG] https://www.whhnhy.com:38868 "PUT /admin-api/converge/user/update-password HTTP/1.1" 200 None
2026-02-27 18:41:14 [DEBUG] https://www.whhnhy.com:38868 "PUT /admin-api/converge/user/update-password HTTP/1.1" 200 None
2026-02-27 18:41:14 [DEBUG] https://www.whhnhy.com:38868 "PUT /admin-api/converge/user/update-password HTTP/1.1" 200 None
2026-02-27 18:41:14 [DEBUG] https://www.whhnhy.com:38868 "PUT /admin-api/converge/user/update-password HTTP/1.1" 200 None
2026-02-27 18:41:14 [DEBUG] https://www.whhnhy.com:38868 "PUT /admin-api/converge/user/update-password HTTP/1.1" 200 None
2026-02-27 18:41:14 [DEBUG] https://www.whhnhy.com:38868 "PUT /admin-api/converge/user/update-password HTTP/1.1" 200 None
2026-02-27 18:41:14 [DEBUG] https://www.whhnhy.com:38868 "PUT /admin-api/converge/user/update-password HTTP/1.1" 200 None
2026-02-27 18:41:14 [DEBUG] https://www.whhnhy.com:38868 "PUT /admin-api/converge/user/update-password HTTP/1.1" 200 None
2026-02-27 18:41:14 [DEBUG] https://www.whhnhy.com:38868 "PUT /admin-api/converge/user/update-password HTTP/1.1" 200 None
2026-02-27 18:41:14 [DEBUG] https://www.whhnhy.com:38868 "PUT /admin-api/converge/user/update-password HTTP/1.1" 200 None
2026-02-27 18:41:14 [DEBUG] https://www.whhnhy.com:38868 "PUT /admin-api/converge/user/update-password HTTP/1.1" 200 None
2026-02-27 18:41:14 [DEBUG] https://www.whhnhy.com:38868 "PUT /admin-api/converge/user/update-password HTTP/1.1" 200 None
2026-02-27 18:41:14 [DEBUG] https://www.whhnhy.com:38868 "PUT /admin-api/converge/user/update-password HTTP/1.1" 200 None
2026-02-27 18:41:14 [DEBUG] https://www.whhnhy.com:38868 "PUT /admin-api/converge/user/update-password HTTP/1.1" 200 None
2026-02-27 18:41:14 [DEBUG] https://www.whhnhy.com:38868 "PUT /admin-api/converge/user/update-password HTTP/1.1" 200 None
2026-02-27 18:41:14 [DEBUG] https://www.whhnhy.com:38868 "PUT /admin-api/converge/user/update-password HTTP/1.1" 200 None
2026-02-27 18:41:14 [DEBUG] https://www.whhnhy.com:38868 "PUT /admin-api/converge/user/update-password HTTP/1.1" 200 None
2026-02-27 18:41:15 [DEBUG] https://www.whhnhy.com:38868 "PUT /admin-api/converge/user/update-password HTTP/1.1" 200 None
2026-02-27 18:41:15 [DEBUG] https://www.whhnhy.com:38868 "PUT /admin-api/converge/user/update-password HTTP/1.1" 200 None
2026-02-27 18:41:15 [DEBUG] https://www.whhnhy.com:38868 "PUT /admin-api/converge/user/update-password HTTP/1.1" 200 None
2026-02-27 18:41:15 [DEBUG] https://www.whhnhy.com:38868 "PUT /admin-api/converge/user/update-password HTTP/1.1" 200 None
2026-02-27 18:41:15 [DEBUG] https://www.whhnhy.com:38868 "PUT /admin-api/converge/user/update-password HTTP/1.1" 200 None
2026-02-27 18:41:15 [DEBUG] https://www.whhnhy.com:38868 "PUT /admin-api/converge/user/update-password HTTP/1.1" 200 None
2026-02-27 18:41:15 [DEBUG] https://www.whhnhy.com:38868 "PUT /admin-api/converge/user/update-password HTTP/1.1" 200 None
2026-02-27 18:41:15 [DEBUG] https://www.whhnhy.com:38868 "PUT /admin-api/converge/user/update-password HTTP/1.1" 200 None
2026-02-27 18:41:15 [DEBUG] https://www.whhnhy.com:38868 "PUT /admin-api/converge/user/update-password HTTP/1.1" 200 None
2026-02-27 18:41:15 [DEBUG] https://www.whhnhy.com:38868 "PUT /admin-api/converge/user/update-password HTTP/1.1" 200 None
2026-02-27 18:41:15 [DEBUG] https://www.whhnhy.com:38868 "PUT /admin-api/converge/user/update-password HTTP/1.1" 200 None
2026-02-27 18:41:15 [DEBUG] https://www.whhnhy.com:38868 "PUT /admin-api/converge/user/update-password HTTP/1.1" 200 None
2026-02-27 18:41:15 [DEBUG] https://www.whhnhy.com:38868 "PUT /admin-api/converge/user/update-password HTTP/1.1" 200 None
2026-02-27 18:41:15 [DEBUG] https://www.whhnhy.com:38868 "PUT /admin-api/converge/user/update-password HTTP/1.1" 200 None
2026-02-27 18:41:15 [DEBUG] https://www.whhnhy.com:38868 "PUT /admin-api/converge/user/update-password HTTP/1.1" 200 None
2026-02-27 18:41:15 [DEBUG] https://www.whhnhy.com:38868 "PUT /admin-api/converge/user/update-password HTTP/1.1" 200 None
2026-02-27 18:41:15 [DEBUG] https://www.whhnhy.com:38868 "PUT /admin-api/converge/user/update-password HTTP/1.1" 200 None
2026-02-27 18:41:15 [DEBUG] https://www.whhnhy.com:38868 "PUT /admin-api/converge/user/update-password HTTP/1.1" 200 None
2026-02-27 18:41:15 [DEBUG] https://www.whhnhy.com:38868 "PUT /admin-api/converge/user/update-password HTTP/1.1" 200 None
2026-02-27 18:41:15 [DEBUG] https://www.whhnhy.com:38868 "PUT /admin-api/converge/user/update-password HTTP/1.1" 200 None
2026-02-27 18:41:16 [DEBUG] https://www.whhnhy.com:38868 "PUT /admin-api/converge/user/update-password HTTP/1.1" 200 None
2026-02-27 18:41:16 [DEBUG] https://www.whhnhy.com:38868 "PUT /admin-api/converge/user/update-password HTTP/1.1" 200 None
2026-02-27 18:41:16 [DEBUG] https://www.whhnhy.com:38868 "PUT /admin-api/converge/user/update-password HTTP/1.1" 200 None
2026-02-27 18:41:16 [DEBUG] https://www.whhnhy.com:38868 "PUT /admin-api/converge/user/update-password HTTP/1.1" 200 None
2026-02-27 18:41:16 [DEBUG] https://www.whhnhy.com:38868 "PUT /admin-api/converge/user/update-password HTTP/1.1" 200 None
2026-02-27 18:41:16 [DEBUG] https://www.whhnhy.com:38868 "PUT /admin-api/converge/user/update-password HTTP/1.1" 200 None
2026-02-27 18:41:16 [DEBUG] https://www.whhnhy.com:38868 "PUT /admin-api/converge/user/update-password HTTP/1.1" 200 None
2026-02-27 18:41:16 [DEBUG] https://www.whhnhy.com:38868 "PUT /admin-api/converge/user/update-password HTTP/1.1" 200 None
2026-02-27 18:41:16 [DEBUG] https://www.whhnhy.com:38868 "PUT /admin-api/converge/user/update-password HTTP/1.1" 200 None
2026-02-27 18:41:16 [DEBUG] https://www.whhnhy.com:38868 "PUT /admin-api/converge/user/update-password HTTP/1.1" 200 None
2026-02-27 18:41:16 [DEBUG] https://www.whhnhy.com:38868 "PUT /admin-api/converge/user/update-password HTTP/1.1" 200 None
2026-02-27 18:41:16 [DEBUG] https://www.whhnhy.com:38868 "PUT /admin-api/converge/user/update-password HTTP/1.1" 200 None
2026-02-27 18:41:16 [DEBUG] https://www.whhnhy.com:38868 "PUT /admin-api/converge/user/update-password HTTP/1.1" 200 None
2026-02-27 18:41:16 [DEBUG] https://www.whhnhy.com:38868 "PUT /admin-api/converge/user/update-password HTTP/1.1" 200 None
2026-02-27 18:41:16 [DEBUG] https://www.whhnhy.com:38868 "PUT /admin-api/converge/user/update-password HTTP/1.1" 200 None
2026-02-27 18:41:16 [DEBUG] https://www.whhnhy.com:38868 "PUT /admin-api/converge/user/update-password HTTP/1.1" 200 None
2026-02-27 18:41:16 [DEBUG] https://www.whhnhy.com:38868 "PUT /admin-api/converge/user/update-password HTTP/1.1" 200 None
2026-02-27 18:41:16 [DEBUG] https://www.whhnhy.com:38868 "PUT /admin-api/converge/user/update-password HTTP/1.1" 200 None
2026-02-27 18:41:16 [DEBUG] https://www.whhnhy.com:38868 "PUT /admin-api/converge/user/update-password HTTP/1.1" 200 None
2026-02-27 18:41:16 [DEBUG] https://www.whhnhy.com:38868 "PUT /admin-api/converge/user/update-password HTTP/1.1" 200 None
2026-02-27 18:41:16 [DEBUG] https://www.whhnhy.com:38868 "PUT /admin-api/converge/user/update-password HTTP/1.1" 200 None
2026-02-27 18:41:16 [DEBUG] https://www.whhnhy.com:38868 "PUT /admin-api/converge/user/update-password HTTP/1.1" 200 None
2026-02-27 18:41:16 [DEBUG] https://www.whhnhy.com:38868 "PUT /admin-api/converge/user/update-password HTTP/1.1" 200 None
2026-02-27 18:41:16 [DEBUG] https://www.whhnhy.com:38868 "PUT /admin-api/converge/user/update-password HTTP/1.1" 200 None
2026-02-27 18:41:16 [DEBUG] https://www.whhnhy.com:38868 "PUT /admin-api/converge/user/update-password HTTP/1.1" 200 None
2026-02-27 18:41:17 [DEBUG] https://www.whhnhy.com:38868 "PUT /admin-api/converge/user/update-password HTTP/1.1" 200 None
2026-02-27 18:41:17 [DEBUG] https://www.whhnhy.com:38868 "PUT /admin-api/converge/user/update-password HTTP/1.1" 200 None
2026-02-27 18:41:17 [DEBUG] https://www.whhnhy.com:38868 "PUT /admin-api/converge/user/update-password HTTP/1.1" 200 None
2026-02-27 18:41:17 [DEBUG] https://www.whhnhy.com:38868 "PUT /admin-api/converge/user/update-password HTTP/1.1" 200 None
2026-02-27 18:41:17 [DEBUG] https://www.whhnhy.com:38868 "PUT /admin-api/converge/user/update-password HTTP/1.1" 200 None
2026-02-27 18:41:17 [DEBUG] https://www.whhnhy.com:38868 "PUT /admin-api/converge/user/update-password HTTP/1.1" 200 None
2026-02-27 18:41:17 [DEBUG] https://www.whhnhy.com:38868 "PUT /admin-api/converge/user/update-password HTTP/1.1" 200 None
2026-02-27 18:41:17 [DEBUG] https://www.whhnhy.com:38868 "PUT /admin-api/converge/user/update-password HTTP/1.1" 200 None
2026-02-27 18:41:17 [DEBUG] https://www.whhnhy.com:38868 "PUT /admin-api/converge/user/update-password HTTP/1.1" 200 None
2026-02-27 18:41:17 [DEBUG] https://www.whhnhy.com:38868 "PUT /admin-api/converge/user/update-password HTTP/1.1" 200 None
2026-02-27 18:41:17 [DEBUG] https://www.whhnhy.com:38868 "PUT /admin-api/converge/user/update-password HTTP/1.1" 200 None
2026-02-27 18:41:17 [DEBUG] https://www.whhnhy.com:38868 "PUT /admin-api/converge/user/update-password HTTP/1.1" 200 None
2026-02-27 18:41:17 [DEBUG] https://www.whhnhy.com:38868 "PUT /admin-api/converge/user/update-password HTTP/1.1" 200 None
2026-02-27 18:41:17 [DEBUG] https://www.whhnhy.com:38868 "PUT /admin-api/converge/user/update-password HTTP/1.1" 200 None
2026-02-27 18:41:17 [DEBUG] https://www.whhnhy.com:38868 "PUT /admin-api/converge/user/update-password HTTP/1.1" 200 None
2026-02-27 18:41:17 [DEBUG] https://www.whhnhy.com:38868 "PUT /admin-api/converge/user/update-password HTTP/1.1" 200 None
2026-02-27 18:41:17 [DEBUG] https://www.whhnhy.com:38868 "PUT /admin-api/converge/user/update-password HTTP/1.1" 200 None
2026-02-27 18:41:17 [DEBUG] https://www.whhnhy.com:38868 "PUT /admin-api/converge/user/update-password HTTP/1.1" 200 None
2026-02-27 18:41:17 [DEBUG] https://www.whhnhy.com:38868 "PUT /admin-api/converge/user/update-password HTTP/1.1" 200 None
2026-02-27 18:41:17 [DEBUG] https://www.whhnhy.com:38868 "PUT /admin-api/converge/user/update-password HTTP/1.1" 200 None
2026-02-27 18:41:17 [DEBUG] https://www.whhnhy.com:38868 "PUT /admin-api/converge/user/update-password HTTP/1.1" 200 None
2026-02-27 18:41:17 [DEBUG] https://www.whhnhy.com:38868 "PUT /admin-api/converge/user/update-password HTTP/1.1" 200 None
2026-02-27 18:41:17 [DEBUG] https://www.whhnhy.com:38868 "PUT /admin-api/converge/user/update-password HTTP/1.1" 200 None
2026-02-27 18:41:17 [DEBUG] https://www.whhnhy.com:38868 "PUT /admin-api/converge/user/update-password HTTP/1.1" 200 None
2026-02-27 18:41:17 [DEBUG] https://www.whhnhy.com:38868 "PUT /admin-api/converge/user/update-password HTTP/1.1" 200 None
2026-02-27 18:41:18 [DEBUG] https://www.whhnhy.com:38868 "PUT /admin-api/converge/user/update-password HTTP/1.1" 200 None
2026-02-27 18:41:18 [DEBUG] https://www.whhnhy.com:38868 "PUT /admin-api/converge/user/update-password HTTP/1.1" 200 None
2026-02-27 18:41:18 [DEBUG] https://www.whhnhy.com:38868 "PUT /admin-api/converge/user/update-password HTTP/1.1" 200 None
2026-02-27 18:41:18 [DEBUG] https://www.whhnhy.com:38868 "PUT /admin-api/converge/user/update-password HTTP/1.1" 200 None
2026-02-27 18:41:18 [DEBUG] https://www.whhnhy.com:38868 "PUT /admin-api/converge/user/update-password HTTP/1.1" 200 None
2026-02-27 18:41:18 [DEBUG] https://www.whhnhy.com:38868 "PUT /admin-api/converge/user/update-password HTTP/1.1" 200 None
2026-02-27 18:41:18 [DEBUG] https://www.whhnhy.com:38868 "PUT /admin-api/converge/user/update-password HTTP/1.1" 200 None
2026-02-27 18:41:18 [DEBUG] https://www.whhnhy.com:38868 "PUT /admin-api/converge/user/update-password HTTP/1.1" 200 None
2026-02-27 18:41:18 [DEBUG] https://www.whhnhy.com:38868 "PUT /admin-api/converge/user/update-password HTTP/1.1" 200 None
2026-02-27 18:41:18 [DEBUG] https://www.whhnhy.com:38868 "PUT /admin-api/converge/user/update-password HTTP/1.1" 200 None
2026-02-27 18:41:18 [DEBUG] https://www.whhnhy.com:38868 "PUT /admin-api/converge/user/update-password HTTP/1.1" 200 None
2026-02-27 18:41:18 [DEBUG] https://www.whhnhy.com:38868 "PUT /admin-api/converge/user/update-password HTTP/1.1" 200 None
2026-02-27 18:41:18 [DEBUG] https://www.whhnhy.com:38868 "PUT /admin-api/converge/user/update-password HTTP/1.1" 200 None
2026-02-27 18:41:18 [DEBUG] https://www.whhnhy.com:38868 "PUT /admin-api/converge/user/update-password HTTP/1.1" 200 None
2026-02-27 18:41:18 [DEBUG] https://www.whhnhy.com:38868 "PUT /admin-api/converge/user/update-password HTTP/1.1" 200 None
2026-02-27 18:41:18 [DEBUG] https://www.whhnhy.com:38868 "PUT /admin-api/converge/user/update-password HTTP/1.1" 200 None
2026-02-27 18:41:18 [DEBUG] https://www.whhnhy.com:38868 "PUT /admin-api/converge/user/update-password HTTP/1.1" 200 None
2026-02-27 18:41:18 [DEBUG] https://www.whhnhy.com:38868 "PUT /admin-api/converge/user/update-password HTTP/1.1" 200 None
2026-02-27 18:41:18 [DEBUG] https://www.whhnhy.com:38868 "PUT /admin-api/converge/user/update-password HTTP/1.1" 200 None
2026-02-27 18:41:18 [DEBUG] https://www.whhnhy.com:38868 "PUT /admin-api/converge/user/update-password HTTP/1.1" 200 None
2026-02-27 18:41:18 [DEBUG] https://www.whhnhy.com:38868 "PUT /admin-api/converge/user/update-password HTTP/1.1" 200 None
2026-02-27 18:41:18 [DEBUG] https://www.whhnhy.com:38868 "PUT /admin-api/converge/user/update-password HTTP/1.1" 200 None
2026-02-27 18:41:18 [DEBUG] https://www.whhnhy.com:38868 "PUT /admin-api/converge/user/update-password HTTP/1.1" 200 None
2026-02-27 18:41:18 [DEBUG] https://www.whhnhy.com:38868 "PUT /admin-api/converge/user/update-password HTTP/1.1" 200 None
2026-02-27 18:41:18 [DEBUG] https://www.whhnhy.com:38868 "PUT /admin-api/converge/user/update-password HTTP/1.1" 200 None
2026-02-27 18:41:18 [DEBUG] https://www.whhnhy.com:38868 "PUT /admin-api/converge/user/update-password HTTP/1.1" 200 None
2026-02-27 18:41:18 [DEBUG] https://www.whhnhy.com:38868 "PUT /admin-api/converge/user/update-password HTTP/1.1" 200 None
2026-02-27 18:41:18 [DEBUG] https://www.whhnhy.com:38868 "PUT /admin-api/converge/user/update-password HTTP/1.1" 200 None
2026-02-27 18:41:18 [DEBUG] https://www.whhnhy.com:38868 "PUT /admin-api/converge/user/update-password HTTP/1.1" 200 None
2026-02-27 18:41:19 [DEBUG] https://www.whhnhy.com:38868 "PUT /admin-api/converge/user/update-password HTTP/1.1" 200 None
2026-02-27 18:41:19 [DEBUG] https://www.whhnhy.com:38868 "PUT /admin-api/converge/user/update-password HTTP/1.1" 200 None
2026-02-27 18:41:19 [DEBUG] https://www.whhnhy.com:38868 "PUT /admin-api/converge/user/update-password HTTP/1.1" 200 None
2026-02-27 18:41:19 [DEBUG] https://www.whhnhy.com:38868 "PUT /admin-api/converge/user/update-password HTTP/1.1" 200 None
2026-02-27 18:41:19 [DEBUG] https://www.whhnhy.com:38868 "PUT /admin-api/converge/user/update-password HTTP/1.1" 200 None
2026-02-27 18:41:19 [DEBUG] https://www.whhnhy.com:38868 "PUT /admin-api/converge/user/update-password HTTP/1.1" 200 None
2026-02-27 18:41:19 [DEBUG] https://www.whhnhy.com:38868 "PUT /admin-api/converge/user/update-password HTTP/1.1" 200 None
2026-02-27 18:41:19 [DEBUG] https://www.whhnhy.com:38868 "PUT /admin-api/converge/user/update-password HTTP/1.1" 200 None
2026-02-27 18:41:19 [DEBUG] https://www.whhnhy.com:38868 "PUT /admin-api/converge/user/update-password HTTP/1.1" 200 None
2026-02-27 18:41:19 [DEBUG] https://www.whhnhy.com:38868 "PUT /admin-api/converge/user/update-password HTTP/1.1" 200 None
2026-02-27 18:41:19 [DEBUG] https://www.whhnhy.com:38868 "PUT /admin-api/converge/user/update-password HTTP/1.1" 200 None
2026-02-27 18:41:19 [DEBUG] https://www.whhnhy.com:38868 "PUT /admin-api/converge/user/update-password HTTP/1.1" 200 None
2026-02-27 18:41:19 [DEBUG] https://www.whhnhy.com:38868 "PUT /admin-api/converge/user/update-password HTTP/1.1" 200 None
2026-02-27 18:41:19 [DEBUG] https://www.whhnhy.com:38868 "PUT /admin-api/converge/user/update-password HTTP/1.1" 200 None
2026-02-27 18:41:19 [DEBUG] https://www.whhnhy.com:38868 "PUT /admin-api/converge/user/update-password HTTP/1.1" 200 None
2026-02-27 18:41:19 [DEBUG] https://www.whhnhy.com:38868 "PUT /admin-api/converge/user/update-password HTTP/1.1" 200 None
2026-02-27 18:41:19 [DEBUG] https://www.whhnhy.com:38868 "PUT /admin-api/converge/user/update-password HTTP/1.1" 200 None
2026-02-27 18:41:19 [DEBUG] https://www.whhnhy.com:38868 "PUT /admin-api/converge/user/update-password HTTP/1.1" 200 None
2026-02-27 18:41:19 [DEBUG] https://www.whhnhy.com:38868 "PUT /admin-api/converge/user/update-password HTTP/1.1" 200 None
2026-02-27 18:41:19 [DEBUG] https://www.whhnhy.com:38868 "PUT /admin-api/converge/user/update-password HTTP/1.1" 200 None
2026-02-27 18:41:19 [DEBUG] https://www.whhnhy.com:38868 "PUT /admin-api/converge/user/update-password HTTP/1.1" 200 None
2026-02-27 18:41:19 [DEBUG] https://www.whhnhy.com:38868 "PUT /admin-api/converge/user/update-password HTTP/1.1" 200 None
2026-02-27 18:41:19 [DEBUG] https://www.whhnhy.com:38868 "PUT /admin-api/converge/user/update-password HTTP/1.1" 200 None
2026-02-27 18:41:19 [DEBUG] https://www.whhnhy.com:38868 "PUT /admin-api/converge/user/update-password HTTP/1.1" 200 None
2026-02-27 18:41:20 [DEBUG] https://www.whhnhy.com:38868 "PUT /admin-api/converge/user/update-password HTTP/1.1" 200 None
2026-02-27 18:41:20 [DEBUG] https://www.whhnhy.com:38868 "PUT /admin-api/converge/user/update-password HTTP/1.1" 200 None
2026-02-27 18:41:20 [DEBUG] https://www.whhnhy.com:38868 "PUT /admin-api/converge/user/update-password HTTP/1.1" 200 None
2026-02-27 18:41:20 [DEBUG] https://www.whhnhy.com:38868 "PUT /admin-api/converge/user/update-password HTTP/1.1" 200 None
2026-02-27 18:41:20 [DEBUG] https://www.whhnhy.com:38868 "PUT /admin-api/converge/user/update-password HTTP/1.1" 200 None
2026-02-27 18:41:20 [DEBUG] https://www.whhnhy.com:38868 "PUT /admin-api/converge/user/update-password HTTP/1.1" 200 None
2026-02-27 18:41:20 [DEBUG] https://www.whhnhy.com:38868 "PUT /admin-api/converge/user/update-password HTTP/1.1" 200 None
2026-02-27 18:41:20 [DEBUG] https://www.whhnhy.com:38868 "PUT /admin-api/converge/user/update-password HTTP/1.1" 200 None
2026-02-27 18:41:20 [DEBUG] https://www.whhnhy.com:38868 "PUT /admin-api/converge/user/update-password HTTP/1.1" 200 None
2026-02-27 18:41:20 [DEBUG] https://www.whhnhy.com:38868 "PUT /admin-api/converge/user/update-password HTTP/1.1" 200 None
2026-02-27 18:41:20 [DEBUG] https://www.whhnhy.com:38868 "PUT /admin-api/converge/user/update-password HTTP/1.1" 200 None
2026-02-27 18:41:20 [DEBUG] https://www.whhnhy.com:38868 "PUT /admin-api/converge/user/update-password HTTP/1.1" 200 None
2026-02-27 18:41:20 [DEBUG] https://www.whhnhy.com:38868 "PUT /admin-api/converge/user/update-password HTTP/1.1" 200 None
2026-02-27 18:41:20 [DEBUG] https://www.whhnhy.com:38868 "PUT /admin-api/converge/user/update-password HTTP/1.1" 200 None
2026-02-27 18:41:20 [DEBUG] https://www.whhnhy.com:38868 "PUT /admin-api/converge/user/update-password HTTP/1.1" 200 None
2026-02-27 18:41:20 [DEBUG] https://www.whhnhy.com:38868 "PUT /admin-api/converge/user/update-password HTTP/1.1" 200 None
2026-02-27 18:41:20 [DEBUG] https://www.whhnhy.com:38868 "PUT /admin-api/converge/user/update-password HTTP/1.1" 200 None
2026-02-27 18:41:20 [DEBUG] https://www.whhnhy.com:38868 "PUT /admin-api/converge/user/update-password HTTP/1.1" 200 None
2026-02-27 18:41:20 [DEBUG] https://www.whhnhy.com:38868 "PUT /admin-api/converge/user/update-password HTTP/1.1" 200 None
2026-02-27 18:41:20 [DEBUG] https://www.whhnhy.com:38868 "PUT /admin-api/converge/user/update-password HTTP/1.1" 200 None
2026-02-27 18:41:20 [DEBUG] https://www.whhnhy.com:38868 "PUT /admin-api/converge/user/update-password HTTP/1.1" 200 None
2026-02-27 18:41:21 [DEBUG] https://www.whhnhy.com:38868 "PUT /admin-api/converge/user/update-password HTTP/1.1" 200 None
2026-02-27 18:41:21 [DEBUG] https://www.whhnhy.com:38868 "PUT /admin-api/converge/user/update-password HTTP/1.1" 200 None
2026-02-27 18:41:21 [DEBUG] https://www.whhnhy.com:38868 "PUT /admin-api/converge/user/update-password HTTP/1.1" 200 None
2026-02-27 18:41:21 [DEBUG] https://www.whhnhy.com:38868 "PUT /admin-api/converge/user/update-password HTTP/1.1" 200 None
2026-02-27 18:41:21 [DEBUG] https://www.whhnhy.com:38868 "PUT /admin-api/converge/user/update-password HTTP/1.1" 200 None
2026-02-27 18:41:21 [DEBUG] https://www.whhnhy.com:38868 "PUT /admin-api/converge/user/update-password HTTP/1.1" 200 None
2026-02-27 18:41:21 [DEBUG] https://www.whhnhy.com:38868 "PUT /admin-api/converge/user/update-password HTTP/1.1" 200 None
2026-02-27 18:41:21 [DEBUG] https://www.whhnhy.com:38868 "PUT /admin-api/converge/user/update-password HTTP/1.1" 200 None
2026-02-27 18:41:21 [DEBUG] https://www.whhnhy.com:38868 "PUT /admin-api/converge/user/update-password HTTP/1.1" 200 None
2026-02-27 18:41:21 [DEBUG] https://www.whhnhy.com:38868 "PUT /admin-api/converge/user/update-password HTTP/1.1" 200 None
2026-02-27 18:41:21 [DEBUG] https://www.whhnhy.com:38868 "PUT /admin-api/converge/user/update-password HTTP/1.1" 200 None
2026-02-27 18:41:21 [DEBUG] https://www.whhnhy.com:38868 "PUT /admin-api/converge/user/update-password HTTP/1.1" 200 None
2026-02-27 18:41:21 [DEBUG] https://www.whhnhy.com:38868 "PUT /admin-api/converge/user/update-password HTTP/1.1" 200 None
2026-02-27 18:41:21 [DEBUG] https://www.whhnhy.com:38868 "PUT /admin-api/converge/user/update-password HTTP/1.1" 200 None
2026-02-27 18:41:21 [DEBUG] https://www.whhnhy.com:38868 "PUT /admin-api/converge/user/update-password HTTP/1.1" 200 None
2026-02-27 18:41:21 [DEBUG] https://www.whhnhy.com:38868 "PUT /admin-api/converge/user/update-password HTTP/1.1" 200 None
2026-02-27 18:41:21 [DEBUG] https://www.whhnhy.com:38868 "PUT /admin-api/converge/user/update-password HTTP/1.1" 200 None
2026-02-27 18:41:21 [DEBUG] https://www.whhnhy.com:38868 "PUT /admin-api/converge/user/update-password HTTP/1.1" 200 None
2026-02-27 18:41:21 [DEBUG] https://www.whhnhy.com:38868 "PUT /admin-api/converge/user/update-password HTTP/1.1" 200 None
2026-02-27 18:41:21 [DEBUG] https://www.whhnhy.com:38868 "PUT /admin-api/converge/user/update-password HTTP/1.1" 200 None
2026-02-27 18:41:21 [DEBUG] https://www.whhnhy.com:38868 "PUT /admin-api/converge/user/update-password HTTP/1.1" 200 None
2026-02-27 18:41:21 [DEBUG] https://www.whhnhy.com:38868 "PUT /admin-api/converge/user/update-password HTTP/1.1" 200 None
2026-02-27 18:41:21 [DEBUG] https://www.whhnhy.com:38868 "PUT /admin-api/converge/user/update-password HTTP/1.1" 200 None
2026-02-27 18:41:21 [DEBUG] https://www.whhnhy.com:38868 "PUT /admin-api/converge/user/update-password HTTP/1.1" 200 None
2026-02-27 18:41:22 [DEBUG] https://www.whhnhy.com:38868 "PUT /admin-api/converge/user/update-password HTTP/1.1" 200 None
2026-02-27 18:41:22 [DEBUG] https://www.whhnhy.com:38868 "PUT /admin-api/converge/user/update-password HTTP/1.1" 200 None
2026-02-27 18:41:22 [DEBUG] https://www.whhnhy.com:38868 "PUT /admin-api/converge/user/update-password HTTP/1.1" 200 None
2026-02-27 18:41:22 [DEBUG] https://www.whhnhy.com:38868 "PUT /admin-api/converge/user/update-password HTTP/1.1" 200 None
2026-02-27 18:41:22 [DEBUG] https://www.whhnhy.com:38868 "PUT /admin-api/converge/user/update-password HTTP/1.1" 200 None
2026-02-27 18:41:22 [DEBUG] https://www.whhnhy.com:38868 "PUT /admin-api/converge/user/update-password HTTP/1.1" 200 None
2026-02-27 18:41:22 [DEBUG] https://www.whhnhy.com:38868 "PUT /admin-api/converge/user/update-password HTTP/1.1" 200 None
2026-02-27 18:41:22 [DEBUG] https://www.whhnhy.com:38868 "PUT /admin-api/converge/user/update-password HTTP/1.1" 200 None
2026-02-27 18:41:22 [DEBUG] https://www.whhnhy.com:38868 "PUT /admin-api/converge/user/update-password HTTP/1.1" 200 None
2026-02-27 18:41:22 [DEBUG] https://www.whhnhy.com:38868 "PUT /admin-api/converge/user/update-password HTTP/1.1" 200 None
2026-02-27 18:41:22 [DEBUG] https://www.whhnhy.com:38868 "PUT /admin-api/converge/user/update-password HTTP/1.1" 200 None
2026-02-27 18:41:22 [DEBUG] https://www.whhnhy.com:38868 "PUT /admin-api/converge/user/update-password HTTP/1.1" 200 None
2026-02-27 18:41:22 [DEBUG] https://www.whhnhy.com:38868 "PUT /admin-api/converge/user/update-password HTTP/1.1" 200 None
2026-02-27 18:41:22 [DEBUG] https://www.whhnhy.com:38868 "PUT /admin-api/converge/user/update-password HTTP/1.1" 200 None
2026-02-27 18:41:22 [DEBUG] https://www.whhnhy.com:38868 "PUT /admin-api/converge/user/update-password HTTP/1.1" 200 None
2026-02-27 18:41:22 [DEBUG] https://www.whhnhy.com:38868 "PUT /admin-api/converge/user/update-password HTTP/1.1" 200 None
2026-02-27 18:41:22 [DEBUG] https://www.whhnhy.com:38868 "PUT /admin-api/converge/user/update-password HTTP/1.1" 200 None
2026-02-27 18:41:22 [DEBUG] https://www.whhnhy.com:38868 "PUT /admin-api/converge/user/update-password HTTP/1.1" 200 None
2026-02-27 18:41:22 [DEBUG] https://www.whhnhy.com:38868 "PUT /admin-api/converge/user/update-password HTTP/1.1" 200 None
2026-02-27 18:41:22 [DEBUG] https://www.whhnhy.com:38868 "PUT /admin-api/converge/user/update-password HTTP/1.1" 200 None
2026-02-27 18:41:22 [DEBUG] https://www.whhnhy.com:38868 "PUT /admin-api/converge/user/update-password HTTP/1.1" 200 None
2026-02-27 18:41:22 [DEBUG] https://www.whhnhy.com:38868 "PUT /admin-api/converge/user/update-password HTTP/1.1" 200 None
2026-02-27 18:41:22 [DEBUG] https://www.whhnhy.com:38868 "PUT /admin-api/converge/user/update-password HTTP/1.1" 200 None
2026-02-27 18:41:22 [DEBUG] https://www.whhnhy.com:38868 "PUT /admin-api/converge/user/update-password HTTP/1.1" 200 None
2026-02-27 18:41:23 [DEBUG] https://www.whhnhy.com:38868 "PUT /admin-api/converge/user/update-password HTTP/1.1" 200 None
2026-02-27 18:41:23 [DEBUG] https://www.whhnhy.com:38868 "PUT /admin-api/converge/user/update-password HTTP/1.1" 200 None
2026-02-27 18:41:23 [DEBUG] https://www.whhnhy.com:38868 "PUT /admin-api/converge/user/update-password HTTP/1.1" 200 None
2026-02-27 18:41:23 [DEBUG] https://www.whhnhy.com:38868 "PUT /admin-api/converge/user/update-password HTTP/1.1" 200 None
2026-02-27 18:41:23 [DEBUG] https://www.whhnhy.com:38868 "PUT /admin-api/converge/user/update-password HTTP/1.1" 200 None
2026-02-27 18:41:23 [DEBUG] https://www.whhnhy.com:38868 "PUT /admin-api/converge/user/update-password HTTP/1.1" 200 None
2026-02-27 18:41:23 [DEBUG] https://www.whhnhy.com:38868 "PUT /admin-api/converge/user/update-password HTTP/1.1" 200 None
2026-02-27 18:41:23 [DEBUG] https://www.whhnhy.com:38868 "PUT /admin-api/converge/user/update-password HTTP/1.1" 200 None
2026-02-27 18:41:23 [DEBUG] https://www.whhnhy.com:38868 "PUT /admin-api/converge/user/update-password HTTP/1.1" 200 None
2026-02-27 18:41:23 [DEBUG] https://www.whhnhy.com:38868 "PUT /admin-api/converge/user/update-password HTTP/1.1" 200 None
2026-02-27 18:41:23 [DEBUG] https://www.whhnhy.com:38868 "PUT /admin-api/converge/user/update-password HTTP/1.1" 200 None
2026-02-27 18:41:23 [DEBUG] https://www.whhnhy.com:38868 "PUT /admin-api/converge/user/update-password HTTP/1.1" 200 None
2026-02-27 18:41:23 [DEBUG] https://www.whhnhy.com:38868 "PUT /admin-api/converge/user/update-password HTTP/1.1" 200 None
2026-02-27 18:41:23 [DEBUG] https://www.whhnhy.com:38868 "PUT /admin-api/converge/user/update-password HTTP/1.1" 200 None
2026-02-27 18:41:23 [DEBUG] https://www.whhnhy.com:38868 "PUT /admin-api/converge/user/update-password HTTP/1.1" 200 None
2026-02-27 18:41:23 [DEBUG] https://www.whhnhy.com:38868 "PUT /admin-api/converge/user/update-password HTTP/1.1" 200 None
2026-02-27 18:41:23 [DEBUG] https://www.whhnhy.com:38868 "PUT /admin-api/converge/user/update-password HTTP/1.1" 200 None
2026-02-27 18:41:23 [DEBUG] https://www.whhnhy.com:38868 "PUT /admin-api/converge/user/update-password HTTP/1.1" 200 None
2026-02-27 18:41:23 [DEBUG] https://www.whhnhy.com:38868 "PUT /admin-api/converge/user/update-password HTTP/1.1" 200 None
2026-02-27 18:41:23 [DEBUG] https://www.whhnhy.com:38868 "PUT /admin-api/converge/user/update-password HTTP/1.1" 200 None
2026-02-27 18:41:23 [DEBUG] https://www.whhnhy.com:38868 "PUT /admin-api/converge/user/update-password HTTP/1.1" 200 None
2026-02-27 18:41:23 [DEBUG] https://www.whhnhy.com:38868 "PUT /admin-api/converge/user/update-password HTTP/1.1" 200 None
2026-02-27 18:41:24 [DEBUG] https://www.whhnhy.com:38868 "PUT /admin-api/converge/user/update-password HTTP/1.1" 200 None
2026-02-27 18:41:24 [DEBUG] https://www.whhnhy.com:38868 "PUT /admin-api/converge/user/update-password HTTP/1.1" 200 None
2026-02-27 18:41:24 [DEBUG] https://www.whhnhy.com:38868 "PUT /admin-api/converge/user/update-password HTTP/1.1" 200 None
2026-02-27 18:41:24 [DEBUG] https://www.whhnhy.com:38868 "PUT /admin-api/converge/user/update-password HTTP/1.1" 200 None
2026-02-27 18:41:24 [DEBUG] https://www.whhnhy.com:38868 "PUT /admin-api/converge/user/update-password HTTP/1.1" 200 None
2026-02-27 18:41:24 [DEBUG] https://www.whhnhy.com:38868 "PUT /admin-api/converge/user/update-password HTTP/1.1" 200 None
2026-02-27 18:41:24 [DEBUG] https://www.whhnhy.com:38868 "PUT /admin-api/converge/user/update-password HTTP/1.1" 200 None
2026-02-27 18:41:24 [DEBUG] https://www.whhnhy.com:38868 "PUT /admin-api/converge/user/update-password HTTP/1.1" 200 None
2026-02-27 18:41:24 [DEBUG] https://www.whhnhy.com:38868 "PUT /admin-api/converge/user/update-password HTTP/1.1" 200 None
2026-02-27 18:41:24 [DEBUG] https://www.whhnhy.com:38868 "PUT /admin-api/converge/user/update-password HTTP/1.1" 200 None
2026-02-27 18:41:24 [DEBUG] https://www.whhnhy.com:38868 "PUT /admin-api/converge/user/update-password HTTP/1.1" 200 None
2026-02-27 18:41:24 [DEBUG] https://www.whhnhy.com:38868 "PUT /admin-api/converge/user/update-password HTTP/1.1" 200 None
2026-02-27 18:41:24 [DEBUG] https://www.whhnhy.com:38868 "PUT /admin-api/converge/user/update-password HTTP/1.1" 200 None
2026-02-27 18:41:24 [DEBUG] https://www.whhnhy.com:38868 "PUT /admin-api/converge/user/update-password HTTP/1.1" 200 None
2026-02-27 18:41:24 [DEBUG] https://www.whhnhy.com:38868 "PUT /admin-api/converge/user/update-password HTTP/1.1" 200 None
2026-02-27 18:41:24 [DEBUG] https://www.whhnhy.com:38868 "PUT /admin-api/converge/user/update-password HTTP/1.1" 200 None
2026-02-27 18:41:24 [DEBUG] https://www.whhnhy.com:38868 "PUT /admin-api/converge/user/update-password HTTP/1.1" 200 None
2026-02-27 18:41:24 [DEBUG] https://www.whhnhy.com:38868 "PUT /admin-api/converge/user/update-password HTTP/1.1" 200 None
2026-02-27 18:41:24 [DEBUG] https://www.whhnhy.com:38868 "PUT /admin-api/converge/user/update-password HTTP/1.1" 200 None
2026-02-27 18:41:24 [DEBUG] https://www.whhnhy.com:38868 "PUT /admin-api/converge/user/update-password HTTP/1.1" 200 None
2026-02-27 18:41:24 [DEBUG] https://www.whhnhy.com:38868 "PUT /admin-api/converge/user/update-password HTTP/1.1" 200 None
2026-02-27 18:41:25 [DEBUG] https://www.whhnhy.com:38868 "PUT /admin-api/converge/user/update-password HTTP/1.1" 200 None
2026-02-27 18:41:25 [DEBUG] https://www.whhnhy.com:38868 "PUT /admin-api/converge/user/update-password HTTP/1.1" 200 None
2026-02-27 18:41:25 [DEBUG] https://www.whhnhy.com:38868 "PUT /admin-api/converge/user/update-password HTTP/1.1" 200 None
2026-02-27 18:41:25 [DEBUG] https://www.whhnhy.com:38868 "PUT /admin-api/converge/user/update-password HTTP/1.1" 200 None
2026-02-27 18:41:25 [DEBUG] https://www.whhnhy.com:38868 "PUT /admin-api/converge/user/update-password HTTP/1.1" 200 None
2026-02-27 18:41:25 [DEBUG] https://www.whhnhy.com:38868 "PUT /admin-api/converge/user/update-password HTTP/1.1" 200 None
2026-02-27 18:41:25 [DEBUG] https://www.whhnhy.com:38868 "PUT /admin-api/converge/user/update-password HTTP/1.1" 200 None
2026-02-27 18:41:25 [DEBUG] https://www.whhnhy.com:38868 "PUT /admin-api/converge/user/update-password HTTP/1.1" 200 None
2026-02-27 18:41:25 [DEBUG] https://www.whhnhy.com:38868 "PUT /admin-api/converge/user/update-password HTTP/1.1" 200 None
2026-02-27 18:41:25 [DEBUG] https://www.whhnhy.com:38868 "PUT /admin-api/converge/user/update-password HTTP/1.1" 200 None
2026-02-27 18:41:25 [DEBUG] https://www.whhnhy.com:38868 "PUT /admin-api/converge/user/update-password HTTP/1.1" 200 None
2026-02-27 18:41:25 [DEBUG] https://www.whhnhy.com:38868 "PUT /admin-api/converge/user/update-password HTTP/1.1" 200 None
2026-02-27 18:41:25 [DEBUG] https://www.whhnhy.com:38868 "PUT /admin-api/converge/user/update-password HTTP/1.1" 200 None
2026-02-27 18:41:25 [DEBUG] https://www.whhnhy.com:38868 "PUT /admin-api/converge/user/update-password HTTP/1.1" 200 None
2026-02-27 18:41:25 [DEBUG] https://www.whhnhy.com:38868 "PUT /admin-api/converge/user/update-password HTTP/1.1" 200 None
2026-02-27 18:41:25 [DEBUG] https://www.whhnhy.com:38868 "PUT /admin-api/converge/user/update-password HTTP/1.1" 200 None
2026-02-27 18:41:25 [DEBUG] https://www.whhnhy.com:38868 "PUT /admin-api/converge/user/update-password HTTP/1.1" 200 None
2026-02-27 18:41:25 [DEBUG] https://www.whhnhy.com:38868 "PUT /admin-api/converge/user/update-password HTTP/1.1" 200 None
2026-02-27 18:41:25 [DEBUG] https://www.whhnhy.com:38868 "PUT /admin-api/converge/user/update-password HTTP/1.1" 200 None
